SQL> 
SQL> --Group:184
SQL> -- Kezia Amanda Sukardi: 30118441
SQL> -- Pranav Bijapur: 32940122
SQL> -- Ziqi Pei : 33429472
SQL> 
SQL> -- Generated by Oracle SQL Developer Data Modeler 22.2.0.165.1149
SQL> --   at:        2023-05-03 16:02:58 AEST
SQL> --   site:      Oracle Database 12c
SQL> --   type:      Oracle Database 12c
SQL> 
SQL> 
SQL> 
SQL> DROP TABLE auth_truck CASCADE CONSTRAINTS;

Table AUTH_TRUCK dropped.

SQL> 
SQL> DROP TABLE authority CASCADE CONSTRAINTS;

Table AUTHORITY dropped.

SQL> 
SQL> DROP TABLE bin CASCADE CONSTRAINTS;

Table BIN dropped.

SQL> 
SQL> DROP TABLE bintype CASCADE CONSTRAINTS;

Table BINTYPE dropped.

SQL> 
SQL> DROP TABLE collection CASCADE CONSTRAINTS;

Table COLLECTION dropped.

SQL> 
SQL> DROP TABLE contract CASCADE CONSTRAINTS;

Table CONTRACT dropped.

SQL> 
SQL> DROP TABLE contract_bin_type CASCADE CONSTRAINTS;

Table CONTRACT_BIN_TYPE dropped.

SQL> 
SQL> DROP TABLE contract_waste_type CASCADE CONSTRAINTS;

Table CONTRACT_WASTE_TYPE dropped.

SQL> 
SQL> DROP TABLE driver CASCADE CONSTRAINTS;

Table DRIVER dropped.

SQL> 
SQL> DROP TABLE made_collection CASCADE CONSTRAINTS;

Table MADE_COLLECTION dropped.

SQL> 
SQL> DROP TABLE owner CASCADE CONSTRAINTS;

Table OWNER dropped.

SQL> 
SQL> DROP TABLE ownerprop CASCADE CONSTRAINTS;

Table OWNERPROP dropped.

SQL> 
SQL> DROP TABLE property CASCADE CONSTRAINTS;

Table PROPERTY dropped.

SQL> 
SQL> DROP TABLE street CASCADE CONSTRAINTS;

Table STREET dropped.

SQL> 
SQL> DROP TABLE truck CASCADE CONSTRAINTS;

Table TRUCK dropped.

SQL> 
SQL> DROP TABLE wastetype CASCADE CONSTRAINTS;

Table WASTETYPE dropped.

SQL> 
SQL> -- predefined type, no DDL - MDSYS.SDO_GEOMETRY
SQL> 
SQL> -- predefined type, no DDL - XMLTYPE
SQL> 
SQL> CREATE TABLE auth_truck (
  2      approval   VARCHAR2(1 CHAR) NOT NULL,
  3      truck_vin  VARCHAR2(17 CHAR) NOT NULL,
  4      driver_num NUMBER(2) NOT NULL
  5  );

Table AUTH_TRUCK created.

SQL> 
SQL> COMMENT ON COLUMN auth_truck.approval IS
  2      'truck approval';

Comment created.

SQL> 
SQL> COMMENT ON COLUMN auth_truck.truck_vin IS
  2      'truck vin';

Comment created.

SQL> 
SQL> COMMENT ON COLUMN auth_truck.driver_num IS
  2      'driver number';

Comment created.

SQL> 
SQL> ALTER TABLE auth_truck ADD CONSTRAINT auth_truck_pk PRIMARY KEY ( truck_vin,
  2                                                                    driver_num );

Table AUTH_TRUCK altered.

SQL> 
SQL> CREATE TABLE authority (
  2      auth_name       VARCHAR2(20) NOT NULL,
  3      auth_ceo_fname  VARCHAR2(30) NOT NULL,
  4      auth_ceo_lname  VARCHAR2(30) NOT NULL,
  5      auth_contact    CHAR(10) NOT NULL,
  6      auth_total_area NUMBER(9, 2) NOT NULL,
  7      auth_type       NUMBER(1) NOT NULL
  8  );

Table AUTHORITY created.

SQL> 
SQL> ALTER TABLE authority
  2      ADD CONSTRAINT local_auth_type CHECK ( auth_type IN ( 1, 2, 3, 4, 5 ) );

Table AUTHORITY altered.

SQL> 
SQL> COMMENT ON COLUMN authority.auth_name IS
  2      'authority name
  3  ';

Comment created.

SQL> 
SQL> COMMENT ON COLUMN authority.auth_ceo_fname IS
  2      'the first name of authority  ceo';

Comment created.

SQL> 
SQL> COMMENT ON COLUMN authority.auth_ceo_lname IS
  2      'the last name of authority ceo';

Comment created.

SQL> 
SQL> COMMENT ON COLUMN authority.auth_contact IS
  2      'authority contact number';

Comment created.

SQL> 
SQL> COMMENT ON COLUMN authority.auth_total_area IS
  2      'total area if the authority';

Comment created.

SQL> 
SQL> COMMENT ON COLUMN authority.auth_type IS
  2      'type of the authority';

Comment created.

SQL> 
SQL> ALTER TABLE authority ADD CONSTRAINT authority_pk PRIMARY KEY ( auth_name );

Table AUTHORITY altered.

SQL> 
SQL> CREATE TABLE bin (
  2      bin_rfid              VARCHAR2(16 CHAR) NOT NULL,
  3      bin_supply_date       DATE NOT NULL,
  4      bin_replace_reason    NUMBER(1),
  5      bin_actual_supplycost NUMBER(5, 2) NOT NULL,
  6      prop_num              NUMBER(5) NOT NULL,
  7      waste_type_id         NUMBER(1) NOT NULL,
  8      bin_size              NUMBER(3) NOT NULL,
  9      con_num               NUMBER(4) NOT NULL
 10  );

Table BIN created.

SQL> 
SQL> ALTER TABLE bin
  2      ADD CONSTRAINT bin_replacement_reason CHECK ( bin_replace_reason IN ( 1, 2, 3, 4 )
  3      );

Table BIN altered.

SQL> 
SQL> COMMENT ON COLUMN bin.bin_rfid IS
  2      'bin rfid';

Comment created.

SQL> 
SQL> COMMENT ON COLUMN bin.bin_supply_date IS
  2      'bin supply date';

Comment created.

SQL> 
SQL> COMMENT ON COLUMN bin.bin_replace_reason IS
  2      'replacement reson of the bin';

Comment created.

SQL> 
SQL> COMMENT ON COLUMN bin.bin_actual_supplycost IS
  2      'add actual supplyest';

Comment created.

SQL> 
SQL> COMMENT ON COLUMN bin.prop_num IS
  2      'property number';

Comment created.

SQL> 
SQL> COMMENT ON COLUMN bin.waste_type_id IS
  2      'Waste type ID';

Comment created.

SQL> 
SQL> COMMENT ON COLUMN bin.bin_size IS
  2      'Bin size';

Comment created.

SQL> 
SQL> COMMENT ON COLUMN bin.con_num IS
  2      'Contract number.';

Comment created.

SQL> 
SQL> ALTER TABLE bin ADD CONSTRAINT entity_18_pk PRIMARY KEY ( bin_rfid );

Table BIN altered.

SQL> 
SQL> CREATE TABLE bintype (
  2      bin_size          NUMBER(3) NOT NULL,
  3      bin_standard_cost NUMBER(4) NOT NULL,
  4      waste_type_id     NUMBER(1) NOT NULL
  5  );

Table BINTYPE created.

SQL> 
SQL> COMMENT ON COLUMN bintype.bin_size IS
  2      'Bin size';

Comment created.

SQL> 
SQL> COMMENT ON COLUMN bintype.bin_standard_cost IS
  2      'Bin suplly standard cost';

Comment created.

SQL> 
SQL> COMMENT ON COLUMN bintype.waste_type_id IS
  2      'Waste type ID';

Comment created.

SQL> 
SQL> ALTER TABLE bintype ADD CONSTRAINT bt_size_pk PRIMARY KEY ( waste_type_id,
  2                                                              bin_size );

Table BINTYPE altered.

SQL> 
SQL> CREATE TABLE collection (
  2      coll_date     VARCHAR2(20 CHAR) NOT NULL,
  3      waste_type_id NUMBER(1) NOT NULL,
  4      truck_vin     VARCHAR2(17 CHAR) NOT NULL,
  5      driver_num    NUMBER(2) NOT NULL,
  6      con_num       NUMBER(4) NOT NULL
  7  );

Table COLLECTION created.

SQL> 
SQL> COMMENT ON COLUMN collection.coll_date IS
  2      'date of collection';

Comment created.

SQL> 
SQL> COMMENT ON COLUMN collection.waste_type_id IS
  2      'Waste type ID';

Comment created.

SQL> 
SQL> COMMENT ON COLUMN collection.truck_vin IS
  2      'truck vin';

Comment created.

SQL> 
SQL> COMMENT ON COLUMN collection.driver_num IS
  2      'driver number';

Comment created.

SQL> 
SQL> COMMENT ON COLUMN collection.con_num IS
  2      'Contract number.';

Comment created.

SQL> 
SQL> ALTER TABLE collection
  2      ADD CONSTRAINT collection_pk PRIMARY KEY ( coll_date,
  3                                                 waste_type_id,
  4                                                 con_num );

Table COLLECTION altered.

SQL> 
SQL> CREATE TABLE contract (
  2      con_num        NUMBER(4) NOT NULL,
  3      con_start_date DATE NOT NULL,
  4      con_end_date   DATE NOT NULL,
  5      auth_name      VARCHAR2(20) NOT NULL
  6  );

Table CONTRACT created.

SQL> 
SQL> COMMENT ON COLUMN contract.con_num IS
  2      'Contract number.';

Comment created.

SQL> 
SQL> COMMENT ON COLUMN contract.con_start_date IS
  2      'contract start date';

Comment created.

SQL> 
SQL> COMMENT ON COLUMN contract.con_end_date IS
  2      'contract end date';

Comment created.

SQL> 
SQL> COMMENT ON COLUMN contract.auth_name IS
  2      'authority name
  3  ';

Comment created.

SQL> 
SQL> ALTER TABLE contract ADD CONSTRAINT contract_pk PRIMARY KEY ( con_num );

Table CONTRACT altered.

SQL> 
SQL> CREATE TABLE contract_bin_type (
  2      contract_bin_supplycost NUMBER(6, 2) NOT NULL,
  3      waste_type_id           NUMBER(1) NOT NULL,
  4      bin_size                NUMBER(3) NOT NULL,
  5      con_num                 NUMBER(4) NOT NULL
  6  );

Table CONTRACT_BIN_TYPE created.

SQL> 
SQL> COMMENT ON COLUMN contract_bin_type.contract_bin_supplycost IS
  2      'supply cost of the bin type in the contract';

Comment created.

SQL> 
SQL> COMMENT ON COLUMN contract_bin_type.waste_type_id IS
  2      'Waste type ID';

Comment created.

SQL> 
SQL> COMMENT ON COLUMN contract_bin_type.bin_size IS
  2      'Bin size';

Comment created.

SQL> 
SQL> COMMENT ON COLUMN contract_bin_type.con_num IS
  2      'Contract number.';

Comment created.

SQL> 
SQL> ALTER TABLE contract_bin_type
  2      ADD CONSTRAINT conbintype_pk PRIMARY KEY ( waste_type_id,
  3                                                 bin_size,
  4                                                 con_num );

Table CONTRACT_BIN_TYPE altered.

SQL> 
SQL> CREATE TABLE contract_waste_type (
  2      contract_waste_type_cost     NUMBER(6, 2) NOT NULL,
  3      contect_waste_type_frequency NUMBER(1) NOT NULL,
  4      waste_type_id                NUMBER(1) NOT NULL,
  5      con_num                      NUMBER(4) NOT NULL
  6  );

Table CONTRACT_WASTE_TYPE created.

SQL> 
SQL> ALTER TABLE contract_waste_type
  2      ADD CONSTRAINT waste_coll_freq CHECK ( contect_waste_type_frequency IN ( 1, 2, 3 )
  3      );

Table CONTRACT_WASTE_TYPE altered.

SQL> 
SQL> COMMENT ON COLUMN contract_waste_type.contract_waste_type_cost IS
  2      'cost of waste type in the contract';

Comment created.

SQL> 
SQL> COMMENT ON COLUMN contract_waste_type.contect_waste_type_frequency IS
  2      'Frequency of collection of the waste';

Comment created.

SQL> 
SQL> COMMENT ON COLUMN contract_waste_type.waste_type_id IS
  2      'Waste type ID';

Comment created.

SQL> 
SQL> COMMENT ON COLUMN contract_waste_type.con_num IS
  2      'Contract number.';

Comment created.

SQL> 
SQL> ALTER TABLE contract_waste_type ADD CONSTRAINT conwasteype_pk PRIMARY KEY ( waste_type_id
  2  ,
  3                                                                              con_num )
  4                                                                              ;

Table CONTRACT_WASTE_TYPE altered.

SQL> 
SQL> CREATE TABLE driver (
  2      driver_num      NUMBER(2) NOT NULL,
  3      driver_lic      NUMBER(9) NOT NULL,
  4      driver_fname    VARCHAR2(10) NOT NULL,
  5      driver_lname    VARCHAR2(10) NOT NULL,
  6      driver_dob      VARCHAR2(10 CHAR) NOT NULL,
  7      driver_tax_num  NUMBER(9) NOT NULL,
  8      driver_cont_num NUMBER(10) NOT NULL
  9  );

Table DRIVER created.

SQL> 
SQL> COMMENT ON COLUMN driver.driver_num IS
  2      'driver number';

Comment created.

SQL> 
SQL> COMMENT ON COLUMN driver.driver_lic IS
  2      'driver licence number';

Comment created.

SQL> 
SQL> COMMENT ON COLUMN driver.driver_fname IS
  2      'driver''s first name';

Comment created.

SQL> 
SQL> COMMENT ON COLUMN driver.driver_lname IS
  2      'driver''s first name';

Comment created.

SQL> 
SQL> COMMENT ON COLUMN driver.driver_dob IS
  2      'driver''s date of birth';

Comment created.

SQL> 
SQL> COMMENT ON COLUMN driver.driver_tax_num IS
  2      'driver''s tax file number';

Comment created.

SQL> 
SQL> COMMENT ON COLUMN driver.driver_cont_num IS
  2      'driver''s contact number';

Comment created.

SQL> 
SQL> ALTER TABLE driver ADD CONSTRAINT driver_pk PRIMARY KEY ( driver_num );

Table DRIVER altered.

SQL> 
SQL> CREATE TABLE made_collection (
  2      coll_over_weight CHAR(1 CHAR) NOT NULL,
  3      coll_weight      NUMBER(3),
  4      bin_rfid         VARCHAR2(16 CHAR) NOT NULL,
  5      coll_date        VARCHAR2(20 CHAR) NOT NULL,
  6      waste_type_id    NUMBER(1) NOT NULL,
  7      con_num          NUMBER(4) NOT NULL
  8  );

Table MADE_COLLECTION created.

SQL> 
SQL> COMMENT ON COLUMN made_collection.coll_over_weight IS
  2      'indication whether collection is overweight';

Comment created.

SQL> 
SQL> COMMENT ON COLUMN made_collection.coll_weight IS
  2      'weight of the collection';

Comment created.

SQL> 
SQL> COMMENT ON COLUMN made_collection.bin_rfid IS
  2      'bin rfid';

Comment created.

SQL> 
SQL> COMMENT ON COLUMN made_collection.coll_date IS
  2      'date of collection';

Comment created.

SQL> 
SQL> COMMENT ON COLUMN made_collection.waste_type_id IS
  2      'Waste type ID';

Comment created.

SQL> 
SQL> COMMENT ON COLUMN made_collection.con_num IS
  2      'Contract number.';

Comment created.

SQL> 
SQL> ALTER TABLE made_collection
  2      ADD CONSTRAINT made_collection_pk PRIMARY KEY ( bin_rfid,
  3                                                      coll_date,
  4                                                      waste_type_id,
  5                                                      con_num );

Table MADE_COLLECTION altered.

SQL> 
SQL> CREATE TABLE owner (
  2      owner_id    CHAR(5) NOT NULL,
  3      owner_fname VARCHAR2(30) NOT NULL,
  4      owner_lname VARCHAR2(30) NOT NULL,
  5      ower_email  VARCHAR2(30) NOT NULL,
  6      owner_phone CHAR(10) NOT NULL
  7  );

Table OWNER created.

SQL> 
SQL> COMMENT ON COLUMN owner.owner_id IS
  2      'owner id';

Comment created.

SQL> 
SQL> COMMENT ON COLUMN owner.owner_fname IS
  2      'owner frst name';

Comment created.

SQL> 
SQL> COMMENT ON COLUMN owner.owner_lname IS
  2      'owner last name';

Comment created.

SQL> 
SQL> COMMENT ON COLUMN owner.ower_email IS
  2      'owner email address';

Comment created.

SQL> 
SQL> COMMENT ON COLUMN owner.owner_phone IS
  2      'owner phone number';

Comment created.

SQL> 
SQL> ALTER TABLE owner ADD CONSTRAINT owner_pk PRIMARY KEY ( owner_id );

Table OWNER altered.

SQL> 
SQL> CREATE TABLE ownerprop (
  2      owner_id CHAR(5) NOT NULL,
  3      prop_num NUMBER(5) NOT NULL
  4  );

Table OWNERPROP created.

SQL> 
SQL> COMMENT ON COLUMN ownerprop.owner_id IS
  2      'owner id';

Comment created.

SQL> 
SQL> COMMENT ON COLUMN ownerprop.prop_num IS
  2      'property number';

Comment created.

SQL> 
SQL> ALTER TABLE ownerprop ADD CONSTRAINT ownerprop_pk PRIMARY KEY ( owner_id,
  2                                                                  prop_num );

Table OWNERPROP altered.

SQL> 
SQL> CREATE TABLE property (
  2      prop_num        NUMBER(5) NOT NULL,
  3      auth_name       VARCHAR2(20) NOT NULL,
  4      street_id       CHAR(7) NOT NULL,
  5      prop_street_num NUMBER(5) NOT NULL
  6  );

Table PROPERTY created.

SQL> 
SQL> COMMENT ON COLUMN property.prop_num IS
  2      'property number';

Comment created.

SQL> 
SQL> COMMENT ON COLUMN property.auth_name IS
  2      'authority name
  3  ';

Comment created.

SQL> 
SQL> COMMENT ON COLUMN property.street_id IS
  2      'street id';

Comment created.

SQL> 
SQL> COMMENT ON COLUMN property.prop_street_num IS
  2      'street number of the property';

Comment created.

SQL> 
SQL> ALTER TABLE property ADD CONSTRAINT property_pk PRIMARY KEY ( prop_num );

Table PROPERTY altered.

SQL> 
SQL> ALTER TABLE property
  2      ADD CONSTRAINT prop_num_nk UNIQUE ( prop_street_num,
  3                                          auth_name,
  4                                          street_id );

Table PROPERTY altered.

SQL> 
SQL> CREATE TABLE street (
  2      street_id           CHAR(7) NOT NULL,
  3      street_name         VARCHAR2(20) NOT NULL,
  4      street_length       NUMBER(9, 2) NOT NULL,
  5      street_surface_type NUMBER(1) NOT NULL,
  6      street_lane_num     NUMBER(2) NOT NULL,
  7      auth_name           VARCHAR2(20) NOT NULL
  8  );

Table STREET created.

SQL> 
SQL> ALTER TABLE street
  2      ADD CONSTRAINT road_surface_type CHECK ( street_surface_type IN ( 1, 2, 3 ) );

Table STREET altered.

SQL> 
SQL> COMMENT ON COLUMN street.street_id IS
  2      'street id';

Comment created.

SQL> 
SQL> COMMENT ON COLUMN street.street_name IS
  2      'name of the street';

Comment created.

SQL> 
SQL> COMMENT ON COLUMN street.street_length IS
  2      'the length of the street';

Comment created.

SQL> 
SQL> COMMENT ON COLUMN street.street_surface_type IS
  2      'surface type of the street';

Comment created.

SQL> 
SQL> COMMENT ON COLUMN street.street_lane_num IS
  2      'number of lanes in the street.';

Comment created.

SQL> 
SQL> COMMENT ON COLUMN street.auth_name IS
  2      'authority name
  3  ';

Comment created.

SQL> 
SQL> ALTER TABLE street ADD CONSTRAINT street_pk PRIMARY KEY ( street_id,
  2                                                            auth_name );

Table STREET altered.

SQL> 
SQL> CREATE TABLE truck (
  2      truck_vin   VARCHAR2(17 CHAR) NOT NULL,
  3      truck_rego  VARCHAR2(10 CHAR) NOT NULL,
  4      truck_make  VARCHAR2(10 CHAR) NOT NULL,
  5      truck_model VARCHAR2(10 CHAR) NOT NULL,
  6      truck_year  NUMBER(4) NOT NULL
  7  );

Table TRUCK created.

SQL> 
SQL> COMMENT ON COLUMN truck.truck_vin IS
  2      'truck vin';

Comment created.

SQL> 
SQL> COMMENT ON COLUMN truck.truck_rego IS
  2      'truck registration number';

Comment created.

SQL> 
SQL> COMMENT ON COLUMN truck.truck_make IS
  2      'truck make';

Comment created.

SQL> 
SQL> COMMENT ON COLUMN truck.truck_model IS
  2      'truck model';

Comment created.

SQL> 
SQL> COMMENT ON COLUMN truck.truck_year IS
  2      'year the truck was manufactured';

Comment created.

SQL> 
SQL> ALTER TABLE truck ADD CONSTRAINT truck_pk PRIMARY KEY ( truck_vin );

Table TRUCK altered.

SQL> 
SQL> CREATE TABLE wastetype (
  2      waste_type_id   NUMBER(1) NOT NULL,
  3      waste_type_desc NUMBER(1) NOT NULL
  4  );

Table WASTETYPE created.

SQL> 
SQL> ALTER TABLE wastetype
  2      ADD CHECK ( waste_type_id IN ( 1, 2, 3, 4 ) );

Table WASTETYPE altered.

SQL> 
SQL> ALTER TABLE wastetype
  2      ADD CHECK ( waste_type_desc IN ( 1, 2, 3, 4 ) );

Table WASTETYPE altered.

SQL> 
SQL> COMMENT ON COLUMN wastetype.waste_type_id IS
  2      'Waste type ID';

Comment created.

SQL> 
SQL> COMMENT ON COLUMN wastetype.waste_type_desc IS
  2      'Waste type description';

Comment created.

SQL> 
SQL> ALTER TABLE wastetype ADD CONSTRAINT wastetype_pk PRIMARY KEY ( waste_type_id );

Table WASTETYPE altered.

SQL> 
SQL> ALTER TABLE collection
  2      ADD CONSTRAINT auth_truck_collection FOREIGN KEY ( truck_vin,
  3                                                         driver_num )
  4          REFERENCES auth_truck ( truck_vin,
  5                                  driver_num );

Table COLLECTION altered.

SQL> 
SQL> ALTER TABLE contract
  2      ADD CONSTRAINT authority_contract FOREIGN KEY ( auth_name )
  3          REFERENCES authority ( auth_name );

Table CONTRACT altered.

SQL> 
SQL> ALTER TABLE street
  2      ADD CONSTRAINT authority_street FOREIGN KEY ( auth_name )
  3          REFERENCES authority ( auth_name );

Table STREET altered.

SQL> 
SQL> ALTER TABLE made_collection
  2      ADD CONSTRAINT bin_made_collection FOREIGN KEY ( bin_rfid )
  3          REFERENCES bin ( bin_rfid );

Table MADE_COLLECTION altered.

SQL> 
SQL> ALTER TABLE bin
  2      ADD CONSTRAINT bintype_bin FOREIGN KEY ( waste_type_id,
  3                                               bin_size )
  4          REFERENCES bintype ( waste_type_id,
  5                               bin_size );

Table BIN altered.

SQL> 
SQL> ALTER TABLE contract_bin_type
  2      ADD CONSTRAINT bintype_conbintype FOREIGN KEY ( waste_type_id,
  3                                                      bin_size )
  4          REFERENCES bintype ( waste_type_id,
  5                               bin_size );

Table CONTRACT_BIN_TYPE altered.

SQL> 
SQL> ALTER TABLE made_collection
  2      ADD CONSTRAINT collection_made_collection FOREIGN KEY ( coll_date,
  3                                                              waste_type_id,
  4                                                              con_num )
  5          REFERENCES collection ( coll_date,
  6                                  waste_type_id,
  7                                  con_num );

Table MADE_COLLECTION altered.

SQL> 
SQL> ALTER TABLE bin
  2      ADD CONSTRAINT contract_bin FOREIGN KEY ( con_num )
  3          REFERENCES contract ( con_num );

Table BIN altered.

SQL> 
SQL> ALTER TABLE contract_bin_type
  2      ADD CONSTRAINT contract_bin_type FOREIGN KEY ( con_num )
  3          REFERENCES contract ( con_num );

Table CONTRACT_BIN_TYPE altered.

SQL> 
SQL> ALTER TABLE contract_waste_type
  2      ADD CONSTRAINT contract_waste_type FOREIGN KEY ( con_num )
  3          REFERENCES contract ( con_num );

Table CONTRACT_WASTE_TYPE altered.

SQL> 
SQL> ALTER TABLE collection
  2      ADD CONSTRAINT contract_waste_type_collection FOREIGN KEY ( waste_type_id,
  3                                                                  con_num )
  4          REFERENCES contract_waste_type ( waste_type_id,
  5                                           con_num );

Table COLLECTION altered.

SQL> 
SQL> ALTER TABLE auth_truck
  2      ADD CONSTRAINT driver_auth_truck FOREIGN KEY ( driver_num )
  3          REFERENCES driver ( driver_num );

Table AUTH_TRUCK altered.

SQL> 
SQL> ALTER TABLE ownerprop
  2      ADD CONSTRAINT onwerprop_property FOREIGN KEY ( prop_num )
  3          REFERENCES property ( prop_num );

Table OWNERPROP altered.

SQL> 
SQL> ALTER TABLE ownerprop
  2      ADD CONSTRAINT ownerpr FOREIGN KEY ( owner_id )
  3          REFERENCES owner ( owner_id );

Table OWNERPROP altered.

SQL> 
SQL> ALTER TABLE bin
  2      ADD CONSTRAINT relation_18 FOREIGN KEY ( prop_num )
  3          REFERENCES property ( prop_num );

Table BIN altered.

SQL> 
SQL> ALTER TABLE property
  2      ADD CONSTRAINT street_property FOREIGN KEY ( street_id,
  3                                                   auth_name )
  4          REFERENCES street ( street_id,
  5                              auth_name );

Table PROPERTY altered.

SQL> 
SQL> ALTER TABLE auth_truck
  2      ADD CONSTRAINT truck_auth_truck FOREIGN KEY ( truck_vin )
  3          REFERENCES truck ( truck_vin );

Table AUTH_TRUCK altered.

SQL> 
SQL> ALTER TABLE contract_waste_type
  2      ADD CONSTRAINT waste_type_contract FOREIGN KEY ( waste_type_id )
  3          REFERENCES wastetype ( waste_type_id );

Table CONTRACT_WASTE_TYPE altered.

SQL> 
SQL> ALTER TABLE bintype
  2      ADD CONSTRAINT wastetype_bintype FOREIGN KEY ( waste_type_id )
  3          REFERENCES wastetype ( waste_type_id );

Table BINTYPE altered.

SQL> 
SQL> 
SQL> 
SQL> -- Oracle SQL Developer Data Modeler Summary Report: 
SQL> -- 
SQL> -- CREATE TABLE                            16
SQL> -- CREATE INDEX                             0
SQL> -- ALTER TABLE                             42
SQL> -- CREATE VIEW                              0
SQL> -- ALTER VIEW                               0
SQL> -- CREATE PACKAGE                           0
SQL> -- CREATE PACKAGE BODY                      0
SQL> -- CREATE PROCEDURE                         0
SQL> -- CREATE FUNCTION                          0
SQL> -- CREATE TRIGGER                           0
SQL> -- ALTER TRIGGER                            0
SQL> -- CREATE COLLECTION TYPE                   0
SQL> -- CREATE STRUCTURED TYPE                   0
SQL> -- CREATE STRUCTURED TYPE BODY              0
SQL> -- CREATE CLUSTER                           0
SQL> -- CREATE CONTEXT                           0
SQL> -- CREATE DATABASE                          0
SQL> -- CREATE DIMENSION                         0
SQL> -- CREATE DIRECTORY                         0
SQL> -- CREATE DISK GROUP                        0
SQL> -- CREATE ROLE                              0
SQL> -- CREATE ROLLBACK SEGMENT                  0
SQL> -- CREATE SEQUENCE                          0
SQL> -- CREATE MATERIALIZED VIEW                 0
SQL> -- CREATE MATERIALIZED VIEW LOG             0
SQL> -- CREATE SYNONYM                           0
SQL> -- CREATE TABLESPACE                        0
SQL> -- CREATE USER                              0
SQL> -- 
SQL> -- DROP TABLESPACE                          0
SQL> -- DROP DATABASE                            0
SQL> -- 
SQL> -- REDACTION POLICY                         0
SQL> -- TSDP POLICY                              0
SQL> -- 
SQL> -- ORDS DROP SCHEMA                         0
SQL> -- ORDS ENABLE SCHEMA                       0
SQL> -- ORDS ENABLE OBJECT                       0
SQL> -- 
SQL> -- ERRORS                                   0
SQL> -- WARNINGS                                 0
SQL> SPOOL off
